// Jest Snapshot v1, https://goo.gl/fbAQLP

exports[`should render ExpenseList with empty message 1`] = `
<div>
  <p>
    No expenses
  </p>
</div>
`;

exports[`should render ExpenseList with expenses 1`] = `
<div>
  <_default
    amount={195}
    createdAt={0}
    description="Gum"
    id="1"
    key="1"
    note="some note about gum"
    props={
      Object {
        "expenses": Array [
          Object {
            "amount": 195,
            "createdAt": 0,
            "description": "Gum",
            "id": "1",
            "note": "some note about gum",
          },
          Object {
            "amount": 109500,
            "createdAt": -345600000,
            "description": "rent",
            "id": "2",
            "note": "some note about rent",
          },
          Object {
            "amount": 4500,
            "createdAt": 345600000,
            "description": "credit card",
            "id": "3",
            "note": "some note about the credit card",
          },
        ],
      }
    }
  />
  <_default
    amount={109500}
    createdAt={-345600000}
    description="rent"
    id="2"
    key="2"
    note="some note about rent"
    props={
      Object {
        "expenses": Array [
          Object {
            "amount": 195,
            "createdAt": 0,
            "description": "Gum",
            "id": "1",
            "note": "some note about gum",
          },
          Object {
            "amount": 109500,
            "createdAt": -345600000,
            "description": "rent",
            "id": "2",
            "note": "some note about rent",
          },
          Object {
            "amount": 4500,
            "createdAt": 345600000,
            "description": "credit card",
            "id": "3",
            "note": "some note about the credit card",
          },
        ],
      }
    }
  />
  <_default
    amount={4500}
    createdAt={345600000}
    description="credit card"
    id="3"
    key="3"
    note="some note about the credit card"
    props={
      Object {
        "expenses": Array [
          Object {
            "amount": 195,
            "createdAt": 0,
            "description": "Gum",
            "id": "1",
            "note": "some note about gum",
          },
          Object {
            "amount": 109500,
            "createdAt": -345600000,
            "description": "rent",
            "id": "2",
            "note": "some note about rent",
          },
          Object {
            "amount": 4500,
            "createdAt": 345600000,
            "description": "credit card",
            "id": "3",
            "note": "some note about the credit card",
          },
        ],
      }
    }
  />
</div>
`;
